// Jest Snapshot v1, https://goo.gl/fbAQLP

exports[`matches snapshot 1`] = `
<DocumentFragment>
  <div
    class="box-container"
  >
    <button
      class="btn"
      type="button"
    >
      X
    </button>
    <div />
  </div>
</DocumentFragment>
`;
